// Vitest Snapshot v1, https://vitest.dev/guide/snapshot.html

exports[`DefaultLayout > snapshot 1`] = `
<div
  class="layouts"
>
  
  
</div>
`;
