// Vitest Snapshot v1, https://vitest.dev/guide/snapshot.html

exports[`AtomsBaseButton > snapshot 1`] = `
<button
  blank="false"
  class="atoms-base-button"
  data-v-6ee581dc=""
  forceanchorlink="false"
  nolocale="false"
  type="button"
>
  
  
</button>
`;
